// Jest Snapshot v1, https://goo.gl/fbAQLP

exports[`should render create-expense component page 1`] = `
<div>
  <div
    className="page-header"
  >
    <div
      className="main-container"
    >
      <h1
        className="page-header__title"
      >
        Save Expense
      </h1>
    </div>
  </div>
  <div
    className="main-container"
  >
    <ExpenseForm
      onSubmit={[Function]}
    />
  </div>
</div>
`;
