// Jest Snapshot v1, https://goo.gl/fbAQLP

exports[`should show expense item details for a passed item 1`] = `
<div>
  <[object Object]
    to="/edit/3"
  >
    <h2>
      Credit card
    </h2>
  </[object Object]>
  <p>
    12100
     - 
    345600000
  </p>
</div>
`;
