// Jest Snapshot v1, https://goo.gl/fbAQLP

exports[`should render header correctly 1`] = `
<header
  className="header"
>
  <div
    className="main-container header__container"
  >
    <[object Object]
      className="header__title"
      to="/dashboard"
    >
      <h1>
        Expensify
      </h1>
    </[object Object]>
    <button
      className="button button--link"
      onClick={[Function]}
    >
      Log Out
    </button>
  </div>
</header>
`;
