// Jest Snapshot v1, https://goo.gl/fbAQLP

exports[`should render login component page 1`] = `
<div>
  <h1>
    Login
  </h1>
  <button>
    Log In
  </button>
</div>
`;
